# serializer version: 1
# name: test__explanation_snapshot
  Explanation(
    args=CausalArgs(
      all=False,
      alpha=0.2,
      analyze=False,
      batch=1,
      binary_threshold=None,
      blend=0.0,
      chunk_size=10,
      colour=200,
      concentrate=False,
      confidence_filter=0.0,
      config_location=None,
      custom=None,
      custom_location=None,
      data_location=None,
      db=None,
      distribution=<Distribution.Uniform: 2>,
      distribution_args=None,
      gpu=False,
      grid=False,
      heatmap=None,
      heatmap_colours='magma',
      info=True,
      insertion_step=100,
      iters=2,
      mark_segments=False,
      mask_value=0,
      means=None,
      min_box_size=10,
      mode=None,
      no_expansions=50,
      norm=255.0,
      output=None,
      path='imgs/dog.jpg',
      processed=False,
      progress=True,
      queue_len=1,
      queue_style=<Queue.Area: 1>,
      raw=False,
      resize=False,
      search_limit=1000,
      seed=100,
      segmentation=False,
      shape=None,
      spatial_eta=0.2,
      spatial_radius=25,
      spotlight_eta=0.2,
      spotlight_size=20,
      spotlight_step=5,
      spotlights=10,
      stds=None,
      strategy=<Strategy.Spatial: 2>,
      surface=None,
      tree_depth=10,
      type=<enum 'CAUSAL'>,
      verbosity=0,
      weighted=False,
    ),
    data=Data: RGB, ['N', 3, 224, 224], 224, 224, 3, first,
    explanation=tensor([[[0., 0., 0.,  ..., 0., 0., 0.],
           [0., 0., 0.,  ..., 0., 0., 0.],
           [0., 0., 0.,  ..., 0., 0., 0.],
           ...,
           [0., 0., 0.,  ..., 0., 0., 0.],
           [0., 0., 0.,  ..., 0., 0., 0.],
           [0., 0., 0.,  ..., 0., 0., 0.]],
  
          [[0., 0., 0.,  ..., 0., 0., 0.],
           [0., 0., 0.,  ..., 0., 0., 0.],
           [0., 0., 0.,  ..., 0., 0., 0.],
           ...,
           [0., 0., 0.,  ..., 0., 0., 0.],
           [0., 0., 0.,  ..., 0., 0., 0.],
           [0., 0., 0.,  ..., 0., 0., 0.]],
  
          [[0., 0., 0.,  ..., 0., 0., 0.],
           [0., 0., 0.,  ..., 0., 0., 0.],
           [0., 0., 0.,  ..., 0., 0., 0.],
           ...,
           [0., 0., 0.,  ..., 0., 0., 0.],
           [0., 0., 0.,  ..., 0., 0., 0.],
           [0., 0., 0.,  ..., 0., 0., 0.]]]),
    final_mask=tensor([[[False, False, False,  ..., False, False, False],
           [False, False, False,  ..., False, False, False],
           [False, False, False,  ..., False, False, False],
           ...,
           [False, False, False,  ..., False, False, False],
           [False, False, False,  ..., False, False, False],
           [False, False, False,  ..., False, False, False]],
  
          [[False, False, False,  ..., False, False, False],
           [False, False, False,  ..., False, False, False],
           [False, False, False,  ..., False, False, False],
           ...,
           [False, False, False,  ..., False, False, False],
           [False, False, False,  ..., False, False, False],
           [False, False, False,  ..., False, False, False]],
  
          [[False, False, False,  ..., False, False, False],
           [False, False, False,  ..., False, False, False],
           [False, False, False,  ..., False, False, False],
           ...,
           [False, False, False,  ..., False, False, False],
           [False, False, False,  ..., False, False, False],
           [False, False, False,  ..., False, False, False]]]),
    maps={209: 4},
    mask_func=0,
    run_stats=dict({
      'avg_box_size': 2747.4166666666665,
      'max_depth_reached': 4,
      'total_failing': 169,
      'total_passing': 41,
    }),
    target=CLASS: 209, CONF: 0.39423608779907227, TARGET_CLASS: None, TARGET_CONFIDENCE: None,
    target_map=array([[ 5.3333335,  5.3333335,  5.666667 , ..., 10.166666 , 10.166666 ,
          10.166666 ],
         [ 5.3333335,  5.3333335,  5.666667 , ..., 10.166666 , 10.166666 ,
          10.166666 ],
         [ 5.3333335,  5.3333335,  5.666667 , ..., 10.166666 , 10.166666 ,
          10.166666 ],
         ...,
         [ 2.3333335,  2.3333335,  2.3333335, ...,  2.       ,  2.       ,
           2.       ],
         [ 2.3333335,  2.3333335,  2.3333335, ...,  2.       ,  2.       ,
           2.       ],
         [ 2.3333335,  2.3333335,  2.3333335, ...,  2.       ,  2.       ,
           2.       ]], dtype=float32),
  )
# ---
