# serializer version: 1
# name: test__explanation_snapshot
  Explanation(
    args=CausalArgs(
      all=False,
      alpha=0.2,
      analyze=False,
      batch=1,
      binary_threshold=None,
      blend=0.0,
      chunk_size=25,
      colour=200,
      concentrate=False,
      confidence_filter=0.0,
      config_location=None,
      custom=None,
      custom_location=None,
      data_location=None,
      db=None,
      distribution=<Distribution.Uniform: 2>,
      distribution_args=None,
      gpu=True,
      grid=False,
      heatmap=None,
      heatmap_colours='magma',
      info=True,
      insertion_step=100,
      iters=1,
      mark_segments=False,
      mask_value=0,
      means=None,
      min_box_size=10,
      mode=None,
      no_expansions=50,
      norm=None,
      output=None,
      path='imgs/dog.jpg',
      processed=False,
      progress=True,
      queue_len=1,
      queue_style=<Queue.Area: 1>,
      raw=False,
      resize=False,
      search_limit=1000,
      seed=42,
      segmentation=False,
      shape=None,
      spatial_eta=0.2,
      spatial_radius=25,
      spotlight_eta=0.2,
      spotlight_size=20,
      spotlight_step=5,
      spotlights=10,
      stds=None,
      strategy=<Strategy.Spatial: 2>,
      surface=None,
      tree_depth=10,
      type=<enum 'CAUSAL'>,
      verbosity=0,
      weighted=False,
    ),
    data=Data: RGB, ['N', 3, 224, 224], 224, 224, 3, first,
    explanation=tensor([[[0.0000, 0.0000, 0.0000,  ..., 0.0000, 0.0000, 0.0000],
           [0.0000, 0.0000, 0.0000,  ..., 0.0000, 0.0000, 0.0000],
           [0.0000, 0.0000, 0.0000,  ..., 0.0000, 0.0000, 0.0000],
           ...,
           [0.7294, 0.7373, 0.7451,  ..., 0.8039, 0.8078, 0.8000],
           [0.7333, 0.7373, 0.7412,  ..., 0.8078, 0.8039, 0.8000],
           [0.7294, 0.7373, 0.7412,  ..., 0.8078, 0.8039, 0.8000]],
  
          [[0.0000, 0.0000, 0.0000,  ..., 0.0000, 0.0000, 0.0000],
           [0.0000, 0.0000, 0.0000,  ..., 0.0000, 0.0000, 0.0000],
           [0.0000, 0.0000, 0.0000,  ..., 0.0000, 0.0000, 0.0000],
           ...,
           [0.6588, 0.6667, 0.6745,  ..., 0.6980, 0.7020, 0.6941],
           [0.6627, 0.6667, 0.6706,  ..., 0.7020, 0.6980, 0.6941],
           [0.6588, 0.6667, 0.6706,  ..., 0.7020, 0.6980, 0.6941]],
  
          [[0.0000, 0.0000, 0.0000,  ..., 0.0000, 0.0000, 0.0000],
           [0.0000, 0.0000, 0.0000,  ..., 0.0000, 0.0000, 0.0000],
           [0.0000, 0.0000, 0.0000,  ..., 0.0000, 0.0000, 0.0000],
           ...,
           [0.6039, 0.6118, 0.6196,  ..., 0.6235, 0.6353, 0.6275],
           [0.6078, 0.6118, 0.6157,  ..., 0.6235, 0.6314, 0.6275],
           [0.6039, 0.6118, 0.6157,  ..., 0.6235, 0.6314, 0.6275]]]),
    final_mask=tensor([[[False, False, False,  ..., False, False, False],
           [False, False, False,  ..., False, False, False],
           [False, False, False,  ..., False, False, False],
           ...,
           [ True,  True,  True,  ...,  True,  True,  True],
           [ True,  True,  True,  ...,  True,  True,  True],
           [ True,  True,  True,  ...,  True,  True,  True]],
  
          [[False, False, False,  ..., False, False, False],
           [False, False, False,  ..., False, False, False],
           [False, False, False,  ..., False, False, False],
           ...,
           [ True,  True,  True,  ...,  True,  True,  True],
           [ True,  True,  True,  ...,  True,  True,  True],
           [ True,  True,  True,  ...,  True,  True,  True]],
  
          [[False, False, False,  ..., False, False, False],
           [False, False, False,  ..., False, False, False],
           [False, False, False,  ..., False, False, False],
           ...,
           [ True,  True,  True,  ...,  True,  True,  True],
           [ True,  True,  True,  ...,  True,  True,  True],
           [ True,  True,  True,  ...,  True,  True,  True]]]),
    maps={209: 3},
    mask_func=0,
    run_stats=dict({
      'avg_box_size': 12544.0,
      'max_depth_reached': 1,
      'total_failing': 23,
      'total_passing': 5,
    }),
    target=CLASS: 209, CONF: 0.391777366399765, TARGET_CLASS: None, TARGET_CONFIDENCE: None,
  )
# ---
