# serializer version: 1
# name: test__explanation_snapshot
  Explanation(
    args=CausalArgs(
      all=False,
      alpha=0.2,
      analyze=False,
      batch=1,
      binary_threshold=None,
      blend=0.0,
      chunk_size=25,
      colour=200,
      concentrate=False,
      confidence_filter=0.0,
      config_location=None,
      custom=<module 'tests/scripts/pytorch' from '/Users/k2474365/Documents/Projects/Chockler/ReX/rex-repo/tests/scripts/pytorch.py'>,
      custom_location=<module 'tests/scripts/pytorch' from '/Users/k2474365/Documents/Projects/Chockler/ReX/rex-repo/tests/scripts/pytorch.py'>,
      data_location=None,
      db=None,
      distribution=<Distribution.Uniform: 2>,
      distribution_args=None,
      gpu=True,
      grid=False,
      heatmap=None,
      heatmap_colours='magma',
      info=True,
      insertion_step=100,
      iters=1,
      mark_segments=False,
      mask_value=0,
      means=None,
      min_box_size=10,
      mode=None,
      model=None,
      no_expansions=50,
      norm=None,
      output=None,
      path='imgs/dog.jpg',
      processed=False,
      progress=True,
      queue_len=1,
      queue_style=<Queue.Area: 1>,
      raw=False,
      resize=False,
      search_limit=1000,
      seed=42,
      segmentation=False,
      shape=None,
      spatial_eta=0.2,
      spatial_radius=25,
      spotlight_eta=0.2,
      spotlight_size=20,
      spotlight_step=5,
      spotlights=10,
      stds=None,
      strategy=<Strategy.Spatial: 2>,
      surface=None,
      target=CLASS: 207, CONF: 0.2046184241771698, TARGET_CLASS: None, TARGET_CONFIDENCE: None,
      tree_depth=10,
      type=<enum 'CAUSAL'>,
      verbosity=0,
      weighted=False,
    ),
    data=Data: RGB, ['N', 3, 224, 224], 224, 224, 3, first,
    explanation=tensor([[[0., 0., 0.,  ..., 0., 0., 0.],
           [0., 0., 0.,  ..., 0., 0., 0.],
           [0., 0., 0.,  ..., 0., 0., 0.],
           ...,
           [0., 0., 0.,  ..., 0., 0., 0.],
           [0., 0., 0.,  ..., 0., 0., 0.],
           [0., 0., 0.,  ..., 0., 0., 0.]],
  
          [[0., 0., 0.,  ..., 0., 0., 0.],
           [0., 0., 0.,  ..., 0., 0., 0.],
           [0., 0., 0.,  ..., 0., 0., 0.],
           ...,
           [0., 0., 0.,  ..., 0., 0., 0.],
           [0., 0., 0.,  ..., 0., 0., 0.],
           [0., 0., 0.,  ..., 0., 0., 0.]],
  
          [[0., 0., 0.,  ..., 0., 0., 0.],
           [0., 0., 0.,  ..., 0., 0., 0.],
           [0., 0., 0.,  ..., 0., 0., 0.],
           ...,
           [0., 0., 0.,  ..., 0., 0., 0.],
           [0., 0., 0.,  ..., 0., 0., 0.],
           [0., 0., 0.,  ..., 0., 0., 0.]]]),
    final_mask=tensor([[[False, False, False,  ..., False, False, False],
           [False, False, False,  ..., False, False, False],
           [False, False, False,  ..., False, False, False],
           ...,
           [False, False, False,  ..., False, False, False],
           [False, False, False,  ..., False, False, False],
           [False, False, False,  ..., False, False, False]],
  
          [[False, False, False,  ..., False, False, False],
           [False, False, False,  ..., False, False, False],
           [False, False, False,  ..., False, False, False],
           ...,
           [False, False, False,  ..., False, False, False],
           [False, False, False,  ..., False, False, False],
           [False, False, False,  ..., False, False, False]],
  
          [[False, False, False,  ..., False, False, False],
           [False, False, False,  ..., False, False, False],
           [False, False, False,  ..., False, False, False],
           ...,
           [False, False, False,  ..., False, False, False],
           [False, False, False,  ..., False, False, False],
           [False, False, False,  ..., False, False, False]]]),
    map=array([[2.       , 2.       , 2.       , ..., 4.6666665, 4.6666665,
          4.6666665],
         [2.       , 2.       , 2.       , ..., 4.6666665, 4.6666665,
          4.6666665],
         [2.       , 2.       , 2.       , ..., 4.6666665, 4.6666665,
          4.6666665],
         ...,
         [2.       , 2.       , 2.       , ..., 3.4999998, 3.4999998,
          3.4999998],
         [2.       , 2.       , 2.       , ..., 3.4999998, 3.4999998,
          3.4999998],
         [2.       , 2.       , 2.       , ..., 3.4999998, 3.4999998,
          3.4999998]], dtype=float32),
    mask_func=0,
    target=CLASS: 207, CONF: 0.2046184241771698, TARGET_CLASS: None, TARGET_CONFIDENCE: None,
  )
# ---
