# serializer version: 1
# name: test__explanation_snapshot
  Explanation:
  	CausalArgs: <class 'rex_xai.input.config.CausalArgs'>
  	Data: Data: RGB, [1, 3, 224, 224], 224, 224, 3, first
  	 Target:FOUND_CLASS: 209, FOUND_CONF: 0.39424, TARGET_CLASS: n/a, TARGET_CONFIDENCE: n/a
  	prediction function: <function OnnxRunner.gen_prediction_function.<locals>.<lambda> >
  	ResponsibilityMaps: {209: 1}
  	run statistics: {'total_passing': 41, 'total_failing': 169, 'max_depth_reached': 4, 'avg_box_size': 2747.41667} (5 dp)
  	sufficiency mask: tensor([[[False, False, False,  ..., False, False, False],
           [False, False, False,  ..., False, False, False],
           [False, False, False,  ..., False, False, False],
           ...,
           [False, False, False,  ..., False, False, False],
           [False, False, False,  ..., False, False, False],
           [False, False, False,  ..., False, False, False]],
  
          [[False, False, False,  ..., False, False, False],
           [False, False, False,  ..., False, False, False],
           [False, False, False,  ..., False, False, False],
           ...,
           [False, False, False,  ..., False, False, False],
           [False, False, False,  ..., False, False, False],
           [False, False, False,  ..., False, False, False]],
  
          [[False, False, False,  ..., False, False, False],
           [False, False, False,  ..., False, False, False],
           [False, False, False,  ..., False, False, False],
           ...,
           [False, False, False,  ..., False, False, False],
           [False, False, False,  ..., False, False, False],
           [False, False, False,  ..., False, False, False]]])
  	explanation confidence: 0.121583
# ---
# name: test__explanation_snapshot.1
  976237796511694519
# ---
